MONOLITH v1.0.6 — tests AUTO-CHUNK UPLOAD (MAX_CHUNK_CHARS = 4500)
  ok   T-CHUNK-01 texte de 1000 caracteres -> 1 chunk
  ok   T-CHUNK-02 texte de 4500 caracteres exacts -> 1 chunk (aucun decoupage artificiel)
  ok   T-CHUNK-03 texte de 4501 caracteres -> >= 2 chunks, aucun > 4500
  ok   T-CHUNK-04 long document a paragraphes -> coupe sur double saut de ligne en priorite (chaque chunk hors dernier se termine par \n\n)
  ok   T-CHUNK-05 aucun separateur avant 4500 -> repli correct (coupe brute a 4500, reconstitution exacte)
  ok   T-CHUNK-06 accents, apostrophes typographiques, tirets longs, emoji, multioctets -> contenu recompose identique, aucun substitut coupe, chunks bien formes
  ok   T-CHUNK-07 concat(chunks) === source sur 5 textes varies (y compris CRLF et lignes vides conservees)
  ok   T-CHUNK-08 aucun caractere duplique : somme des longueurs === longueur source et bornes strictement contigues
  ok   T-CHUNK-09 sequence complete : commence a 1, finit a totalChunks, sans trou ni doublon, ordre strict
  ok   T-CHUNK-10 hash source stable : deux decoupages du meme texte donnent le meme sourceTextSha256 et les memes bornes ; sourceSha256 (octets) inchange par le decoupage
  ok   T-CHUNK-11 hash chunk stable et verifiable : chunkSha256 === sha256(text) pour chaque chunk, identique entre deux executions
  ok   T-CHUNK-12 chunk manquant -> INPUT_DOCUMENT_CHUNK_MISSING (nombre annonce != present) ; trou de sequence / bornes -> DOCUMENT_INCOMPLETE ; texte altere -> INPUT_DOCUMENT_TRUNCATED
  ok   T-CHUNK-13 document vide (0 octet, espaces seuls, BOM seul) -> DOCUMENT_EMPTY : refuse explicitement, jamais un faux chunk vide, jamais presente comme exploitable
  ok   T-CHUNK-14 document de 30 000+ caracteres -> tous les chunks <= 4500, reconstitution exacte ; 300 000 caracteres traites en < 1 s
  ok   T-CHUNK-15 deux documents longs -> provenance non melangee : chunkId prefixe par sourceDocumentId, hashes de texte disjoints, rendu par document
  ok   T-CHUNK-16 un document court + un long -> compte documents = 2 (pas le nombre total de chunks) : intake, prompt, run cree, documents-chunks.json, apercu
  fixture reelle : D103-CDC-v4.1.md, D103-anti-derive-v1.3.md, D103P0.1-grille-revue-professionnelle-structure-v0.2.md, EF-JMJS-CDC-gouvernance-v1.0.md + analyse descriptive des cas (dossier local hors depot)
  ok   T-CHUNK-REAL-01 chaque document reel est complet : totalChunks coherent, reconstitution byte-identique, sourceSha256 inchange, aucun chunk > 4500
  ok   T-CHUNK-REAL-02 ordre exact : sequences 1..n, bornes contigues, coupes majoritairement sur paragraphes (documents markdown)
  ok   T-CHUNK-REAL-03 le cadrage voit N documents source (N = fichiers uploades, pas 25+ segments), tous les segments PART-k-OF-n, aucune alerte « tronque »
  ok   T-CHUNK-REAL-04 run cree avec la fixture reelle : state.mission.documents = N documents (chunking resume), documents-chunks.json coherent, rechargement verifie sans erreur
  ok   T-CHUNK-REAL-05 les fiches de cas ne sont ni dans les fixtures du depot ni utilisees comme regles : aucune valeur de cas dans le chunker, l'intake, le serveur ni l'interface
OK 21/21 — test/results-chunking.json
NETWORK_GUARD {"externalAttempts":0}
