PASS V1019-TP-01
PASS V1019-TP-02
PASS V1019-TP-03
PASS V1019-TP-04
PASS V1019-TP-05
PASS V1019-TP-06
PASS V1019-TP-07
PASS V1019-TP-08
PASS V1019-TP-09
PASS V1019-TP-10
PASS V1019-TP-11
PASS V1019-TP-12
PASS V1019-TP-13
PASS V1019-TP-14
PASS V1019-TP-15
PASS V1019-TP-16
PASS strict-policy
PASS explicit-request-policy
PASS http-ambiguity-matrix
PASS safe-retry-exhausted
PASS unscoped-diagnostic
PASS known-usage-success
PASS idempotence-unknown
PASS stage-output-parity
PASS pipeline-unknown-stop
PASS ledger-legacy-parity
PASS safe-refusal-then-unknown
PASS successful-envelope-without-usage
PASS idempotence-success-ledger
PASS known-usage-on-failure
PASS optional-ledger-does-not-disable-policy
M19-01 KILLED
M19-02 KILLED
M19-03 KILLED
M19-04 KILLED
M19-05 KILLED
M19-06 KILLED
M19-07 KILLED
M19-08 KILLED
NETWORK_GUARD {"externalAttempts":0}
